// Jest Snapshot v1, https://goo.gl/fbAQLP

exports[`it renders correctly 1`] = `
<section
  className="c-navigation"
>
  <ManaInput />
  <SortToggle
    sorter="cmc"
  />
  <SortToggle
    sorter="colour"
  />
  <button
    className="c-button"
  >
    Grid Toggle
  </button>
  <SetSelector />
</section>
`;
