// Jest Snapshot v1, https://goo.gl/fbAQLP

exports[`SortToggle renders correctly 1`] = `
<styled.button
  className="c-sort-button"
  isSelected={false}
  onClick={[Function]}
/>
`;
